// Jest Snapshot v1, https://goo.gl/fbAQLP

exports[`App renders correctly 1`] = `
<AuthProvider>
  <BrowserRouter>
    <Switch>
      <Route
        exact={true}
        path="/"
      >
        <Page>
          <styled.div>
            Search for data to see results!
          </styled.div>
        </Page>
      </Route>
      <Route
        path="/assets/search/:searchTerm?"
      >
        <AssetsPage />
      </Route>
      <Route
        path="/assets/:id"
      >
        <AssetDetailsPage />
      </Route>
    </Switch>
  </BrowserRouter>
</AuthProvider>
`;
